Objective value     :22.0
x[1,4] 1.0
x[4,6] 1.0
x[6,7] 1.0
