model : 0 needed time : 44.0
x[1,2] 1.0
x[2,5] 1.0
x[5,7] 1.0
model : 1 needed time : 44.0
x[1,2] 1.0
x[2,5] 1.0
x[5,7] 1.0
model : 2 needed time : 44.0
x[1,2] 1.0
x[2,5] 1.0
x[5,7] 1.0
model : 3 needed time : 44.0
x[1,2] 1.0
x[2,5] 1.0
x[5,7] 1.0
model : 4 needed time : 44.0
x[1,2] 1.0
x[2,5] 1.0
x[5,7] 1.0
model : 5 needed time : 44.0
x[1,2] 1.0
x[2,5] 1.0
x[5,7] 1.0
